// Jest Snapshot v1, https://goo.gl/fbAQLP

exports[`prueba en el componente <GifGridItem /> debe mostrar el componente correctamente 1`] = `
<div
  className="card animate__animated animate__fadeIn"
>
  <img
    alt="Título"
    src="https://google.com/hola"
  />
  <p>
    Título
  </p>
</div>
`;
